$# Creating journal file 
$# C:\Users\weizhao\Documents\PAAW\mAEWing2\updated_FEM\mAEWing2_FEM_updates_G
$# ridZ\Results - Nov27\Results - 
$# II\SOL200_mAEWing2_Fullmodel\mAEWing2_FEMv2p0_v2.db.jou at 28-Nov-17 15:42:16
uil_file_rebuild.start("C:\MSC.Software\Patran_x64\20160/template.db", @
"C:\Users\weizhao\Documents\PAAW\mAEWing2\updated_FEM\mAEWing2_FEM_updates" // @
"_GridZ\Results - Nov27\Results - II\SOL200_mAEWing2_Fullmodel\mAEWing2_FE" // @
"Mv2p0_v2.db")
$# Synchronizing the User Data Manager
set_current_dir( "C:\Users\weizhao\Documents\PAAW\mAEWing2\updated_FEM\mAE" // @
"Wing2_FEM_updates_GridZ\Results - Nov27\Results - II\SOL200_mAEWing2_Full" // @
"model" )
$# The current working directory has been changed to the database location 
$# shown.                                                                     
$#                                                                            
$#                                   
nastran_input_import( "C:\Users\weizhao\Documents\PAAW\mAEWing2\updated_FE" // @
"M\mAEWing2_FEM_updates_GridZ\Results - Nov27\Results - II\SOL200_mAEWing2" // @
"_Fullmodel\SOL103_mAEWing2_fullmodel_GVT_setup_FEMv2p0.bdf", "default_group", @
 11, [TRUE, TRUE, TRUE, TRUE, TRUE, TRUE, TRUE, TRUE, FALSE, TRUE, TRUE], [0,  @
0, 0, 0, 0, 0, 0, 0, 0, 0, 0], [0, 0, 0, 0, 0, 0, 0, 0, 0, 0, 0], [ @
-2000000000, -2000000000, -2000000000, -2000000000, -2000000000, -2000000000,  @
-2000000000, -2000000000, 0, 0, 0] )
$# Creating Nastran Database using SOL nifimp_v22: Success
$# Importing data...
$# 38 Coordinate Frames written to database.
$# 6133 Nodes written to database.
$# 9 Materials written to database.
$# 11331 Elements written to database.
$# 51 Property Sets written to database.
$# Warning reported from application FILE
$#     MPC id 6301 (to be imported as id 6301) conflicts with element id 6301,
$#  so it is skipped. To avoid this, edit your NASTRAN model file (BDF, DAT) 
$# before importing again.
$# Warning reported from application FILE
$#     MPC id 6302 (to be imported as id 6302) conflicts with element id 6302,
$#  so it is skipped. To avoid this, edit your NASTRAN model file (BDF, DAT) 
$# before importing again.
$# 157 MPCs written to database.
$# 16 Case Control lines/comments written to database.
$# 60 unrecognized Bulk Data lines/comments written to database.
$# 76 total unrecognized entities/comment lines written to database.
$# 1 Load Cases written to database.
$# 2 Load Sets of type "spc1" written to database.
$# Reading of MSC.Nastran input file completed.
ga_view_aa_set( -57.701427, -7.770265, 50.883934 )
msc_dra_init_stream(  )
msc_dra_add_param( "DATABASE", "C:\Users\weizhao\Documents\PAAW\mAEWing2\u" // @
"pdated_FEM\mAEWing2_FEM_updates_GridZ\Results - Nov27\Results - II\SOL200" // @
"_mAEWing2_Fullmodel\mAEWing2_FEMv2p0_v2.db" )
msc_dra_add_param( "JOBNAME", "SOL103_mAEWing2_fullmodel_GVT_setup_FEMv2p0" )
msc_dra_add_param( "RESULTS FILE", "C:\Users\weizhao\Documents\PAAW\mAEWin" // @
"g2\updated_FEM\mAEWing2_FEM_updates_GridZ\Results - Nov27\Results - II\SO" // @
"L200_mAEWing2_Fullmodel\sol103_maewing2_fullmodel_gvt_setup_femv2p0.xdb" )
msc_dra_add_param( "OBJECT", "Result Entities" )
msc_dra_add_param( "ANALYSIS TYPE", "Structural" )
msc_dra_add_param( "DIVISION TOLERANCE", "1.0E-8" )
msc_dra_add_param( "NUMERICAL TOLERANCE", "1.0E-4" )
msc_dra_add_param( "MODEL TOLERANCE", "0.0049999999" )
msc_dra_add_param( "ROTATIONAL NODAL RESULTS", "OFF" )
msc_dra_add_param( "STRESS/STRAIN INVARIANTS", "OFF" )
msc_dra_add_param( "PRINCIPAL DIRECTIONS", "OFF" )
msc_dra_add_param( "ELEMENT RESULTS POSITIONS", "Nodal       " )
msc_dra_add_param( "TITLE DESCRIPTION", "ON" )
msc_dra_finish_stream(  )
analysis_import( "MSC.Nastran", "SOL103_mAEWing2_fullmodel_GVT_setup_FEMv2p0", @
 "Attach Results File No Job", "C:\Users\weizhao\Documents\PAAW\mAEWing2\u" // @
"pdated_FEM\mAEWing2_FEM_updates_GridZ\Results - Nov27\Results - II\SOL200" // @
"_mAEWing2_Fullmodel\sol103_maewing2_fullmodel_gvt_setup_femv2p0.xdb", TRUE )
$# Attaching Direct Results Access file: 
$# "C:\Users\weizhao\Documents\PAAW\mAEWing2\updated_FEM\mAEWing2_FEM_updates_
$# GridZ\Results - Nov27\Results - 
$# II\SOL200_mAEWing2_Fullmodel\sol103_maewing2_fullmodel_gvt_setup_femv2p0.xdb"
$# XDB file created by "MSC.NASTRAN V2016" on 11/28/2017 using "VENDOR:INTEL  
$#               MODEL:P5-4/7421 (WACO)     OPSYS:WINDOWS 7 ENTERPRIS"
$# *** Begin: Attach Result File ***
$# Processing result load case: SC1:DEFAULT
$# Processing result sub-case: Mode 1 : Freq. = 0.27204
$# Processing result sub-case: Mode 2 : Freq. = 0.2936
$# Processing result sub-case: Mode 3 : Freq. = 0.6415
$# Processing result sub-case: Mode 4 : Freq. = 0.72531
$# Processing result sub-case: Mode 5 : Freq. = 0.91339
$# Processing result sub-case: Mode 6 : Freq. = 0.97528
$# Processing result sub-case: Mode 7 : Freq. = 5.7122
$# Processing result sub-case: Mode 8 : Freq. = 8.1284
$# Processing result sub-case: Mode 9 : Freq. = 17.522
$# Processing result sub-case: Mode 10 : Freq. = 19.463
$# Processing result sub-case: Mode 11 : Freq. = 21.087
$# Processing result sub-case: Mode 12 : Freq. = 25.071
$# Processing result sub-case: Mode 13 : Freq. = 26.949
$# Processing result sub-case: Mode 14 : Freq. = 32.615
$# Processing result sub-case: Mode 15 : Freq. = 32.865
$# Processing result sub-case: Mode 16 : Freq. = 42.486
$# Processing result sub-case: Mode 17 : Freq. = 54.735
$# Processing result sub-case: Mode 18 : Freq. = 57.294
$# Processing result sub-case: Mode 19 : Freq. = 62.417
$# Processing result sub-case: Mode 20 : Freq. = 70.607
$# Total execution time in real seconds:        0.000
$# Total execution time in CPU  seconds:        0.047
$# *** End:   Attach Result File ***
res_data_load_dbresult( 0, "Nodal", "Scalar", "DEFAULT.SC1",  @
"A1:Mode 7 : Freq. = 5.7122", "Eigenvectors", "Translational", "(NON-LAYERED)" @
, "MAG", "Default", "DeriveAverage", "All", "ShapeFunc" )
res_data_title( 0, "Nodal", "Scalar", 1, [ @
"$POFF@@@$PT: @@@$LCN, @@@$SCN, @@@$PRN, @@@$SRN, @@@$DRVL, @@@$LN "] )
res_display_fringe_create( "", "FreeFaces", 0, [""], 12, [ @
"Range:Fri_default_Fringe", "RangeOverwrite:ON", "FringeStyle:Discrete/Smooth" @
, "Shade:None", "ElemEdge:FreeEdge,Blue,Solid,1", "Shrink:0",  @
"TitleDisplay:ON", "MinMaxDisplay:ON", "ValueDisplay:OFF", "Filter:None",  @
"ScaleFactor:1.", "LabelStyle:Exponential, 12, White, 3"], TRUE )
res_display_fringe_post( "", 0, "Nodal", TRUE, TRUE )
res_data_load_dbresult( 0, "Nodal", "Vector", "DEFAULT.SC1",  @
"A1:Mode 7 : Freq. = 5.7122", "Eigenvectors", "Translational", "(NON-LAYERED)" @
, "", "Global", "", "", "" )
res_data_title( 0, "Nodal", "Vector", 1, [ @
"$POFF@@@$PT: @@@$LCN, @@@$SCN, @@@$PRN, @@@$SRN, @@@$DRVL"] )
res_display_deformation_create( "", "Elements", 0, [""], 9, [ @
"DeformedStyle:White,Solid,1,Wireframe", "DeformedScale:Model=0.1",  @
"UndeformedStyle:ON,Blue,Solid,1,Wireframe", "TitleDisplay:ON",  @
"MinMaxDisplay:ON", "ScaleFactor:1.", "LabelStyle:Exponential, 12, White, 3",  @
"DeformDisplay:Resultant", "DeformComps:OFF,OFF,OFF"] )
res_display_deformation_post( "", 0 )
ga_view_aa_set( -119.055214, 5.530854, 58.394695 )
res_data_load_dbresult( 0, "Nodal", "Scalar", "DEFAULT.SC1",  @
"A1:Mode 8 : Freq. = 8.1284", "Eigenvectors", "Translational", "(NON-LAYERED)" @
, "MAG", "Default", "DeriveAverage", "All", "ShapeFunc" )
res_data_title( 0, "Nodal", "Scalar", 1, [ @
"$POFF@@@$PT: @@@$LCN, @@@$SCN, @@@$PRN, @@@$SRN, @@@$DRVL, @@@$LN "] )
res_display_fringe_create( "", "FreeFaces", 0, [""], 12, [ @
"Range:Fri_default_Fringe", "RangeOverwrite:ON", "FringeStyle:Discrete/Smooth" @
, "Shade:None", "ElemEdge:FreeEdge,Blue,Solid,1", "Shrink:0",  @
"TitleDisplay:ON", "MinMaxDisplay:ON", "ValueDisplay:OFF", "Filter:None",  @
"ScaleFactor:1.", "LabelStyle:Exponential, 12, White, 3"], TRUE )
res_display_fringe_post( "", 0, "Nodal", TRUE, TRUE )
res_data_load_dbresult( 0, "Nodal", "Vector", "DEFAULT.SC1",  @
"A1:Mode 8 : Freq. = 8.1284", "Eigenvectors", "Translational", "(NON-LAYERED)" @
, "", "Global", "", "", "" )
res_data_title( 0, "Nodal", "Vector", 1, [ @
"$POFF@@@$PT: @@@$LCN, @@@$SCN, @@@$PRN, @@@$SRN, @@@$DRVL"] )
res_display_deformation_create( "", "Elements", 0, [""], 9, [ @
"DeformedStyle:White,Solid,1,Wireframe", "DeformedScale:Model=0.1",  @
"UndeformedStyle:ON,Blue,Solid,1,Wireframe", "TitleDisplay:ON",  @
"MinMaxDisplay:ON", "ScaleFactor:1.", "LabelStyle:Exponential, 12, White, 3",  @
"DeformDisplay:Resultant", "DeformComps:OFF,OFF,OFF"] )
res_display_deformation_post( "", 0 )
ga_view_aa_set( -63.970009, 5.124313, 57.477097 )
ga_view_center_set( 27.149546, -14.871532 )
ga_view_aa_set( -88.091728, 5.137798, 47.244389 )
res_data_load_dbresult( 0, "Nodal", "Scalar", "DEFAULT.SC1",  @
"A1:Mode 9 : Freq. = 17.522", "Eigenvectors", "Translational", "(NON-LAYERED)" @
, "MAG", "Default", "DeriveAverage", "All", "ShapeFunc" )
res_data_title( 0, "Nodal", "Scalar", 1, [ @
"$POFF@@@$PT: @@@$LCN, @@@$SCN, @@@$PRN, @@@$SRN, @@@$DRVL, @@@$LN "] )
res_display_fringe_create( "", "FreeFaces", 0, [""], 12, [ @
"Range:Fri_default_Fringe", "RangeOverwrite:ON", "FringeStyle:Discrete/Smooth" @
, "Shade:None", "ElemEdge:FreeEdge,Blue,Solid,1", "Shrink:0",  @
"TitleDisplay:ON", "MinMaxDisplay:ON", "ValueDisplay:OFF", "Filter:None",  @
"ScaleFactor:1.", "LabelStyle:Exponential, 12, White, 3"], TRUE )
res_display_fringe_post( "", 0, "Nodal", TRUE, TRUE )
res_data_load_dbresult( 0, "Nodal", "Vector", "DEFAULT.SC1",  @
"A1:Mode 9 : Freq. = 17.522", "Eigenvectors", "Translational", "(NON-LAYERED)" @
, "", "Global", "", "", "" )
res_data_title( 0, "Nodal", "Vector", 1, [ @
"$POFF@@@$PT: @@@$LCN, @@@$SCN, @@@$PRN, @@@$SRN, @@@$DRVL"] )
res_display_deformation_create( "", "Elements", 0, [""], 9, [ @
"DeformedStyle:White,Solid,1,Wireframe", "DeformedScale:Model=0.1",  @
"UndeformedStyle:ON,Blue,Solid,1,Wireframe", "TitleDisplay:ON",  @
"MinMaxDisplay:ON", "ScaleFactor:1.", "LabelStyle:Exponential, 12, White, 3",  @
"DeformDisplay:Resultant", "DeformComps:OFF,OFF,OFF"] )
res_display_deformation_post( "", 0 )
ga_view_aa_set( -55.336174, 4.220711, 49.698978 )
res_data_load_dbresult( 0, "Nodal", "Scalar", "DEFAULT.SC1",  @
"A1:Mode 10 : Freq. = 19.463", "Eigenvectors", "Translational",  @
"(NON-LAYERED)", "MAG", "Default", "DeriveAverage", "All", "ShapeFunc" )
res_data_title( 0, "Nodal", "Scalar", 1, [ @
"$POFF@@@$PT: @@@$LCN, @@@$SCN, @@@$PRN, @@@$SRN, @@@$DRVL, @@@$LN "] )
res_display_fringe_create( "", "FreeFaces", 0, [""], 12, [ @
"Range:Fri_default_Fringe", "RangeOverwrite:ON", "FringeStyle:Discrete/Smooth" @
, "Shade:None", "ElemEdge:FreeEdge,Blue,Solid,1", "Shrink:0",  @
"TitleDisplay:ON", "MinMaxDisplay:ON", "ValueDisplay:OFF", "Filter:None",  @
"ScaleFactor:1.", "LabelStyle:Exponential, 12, White, 3"], TRUE )
res_display_fringe_post( "", 0, "Nodal", TRUE, TRUE )
res_data_load_dbresult( 0, "Nodal", "Vector", "DEFAULT.SC1",  @
"A1:Mode 10 : Freq. = 19.463", "Eigenvectors", "Translational",  @
"(NON-LAYERED)", "", "Global", "", "", "" )
res_data_title( 0, "Nodal", "Vector", 1, [ @
"$POFF@@@$PT: @@@$LCN, @@@$SCN, @@@$PRN, @@@$SRN, @@@$DRVL"] )
res_display_deformation_create( "", "Elements", 0, [""], 9, [ @
"DeformedStyle:White,Solid,1,Wireframe", "DeformedScale:Model=0.1",  @
"UndeformedStyle:ON,Blue,Solid,1,Wireframe", "TitleDisplay:ON",  @
"MinMaxDisplay:ON", "ScaleFactor:1.", "LabelStyle:Exponential, 12, White, 3",  @
"DeformDisplay:Resultant", "DeformComps:OFF,OFF,OFF"] )
res_display_deformation_post( "", 0 )
ga_view_aa_set( -82.379875, 7.212729, 44.603096 )
ga_view_aa_set( -40.727188, 10.804197, 34.317352 )
res_data_load_dbresult( 0, "Nodal", "Scalar", "DEFAULT.SC1",  @
"A1:Mode 11 : Freq. = 21.087", "Eigenvectors", "Translational",  @
"(NON-LAYERED)", "MAG", "Default", "DeriveAverage", "All", "ShapeFunc" )
res_data_title( 0, "Nodal", "Scalar", 1, [ @
"$POFF@@@$PT: @@@$LCN, @@@$SCN, @@@$PRN, @@@$SRN, @@@$DRVL, @@@$LN "] )
res_display_fringe_create( "", "FreeFaces", 0, [""], 12, [ @
"Range:Fri_default_Fringe", "RangeOverwrite:ON", "FringeStyle:Discrete/Smooth" @
, "Shade:None", "ElemEdge:FreeEdge,Blue,Solid,1", "Shrink:0",  @
"TitleDisplay:ON", "MinMaxDisplay:ON", "ValueDisplay:OFF", "Filter:None",  @
"ScaleFactor:1.", "LabelStyle:Exponential, 12, White, 3"], TRUE )
res_display_fringe_post( "", 0, "Nodal", TRUE, TRUE )
res_data_load_dbresult( 0, "Nodal", "Vector", "DEFAULT.SC1",  @
"A1:Mode 11 : Freq. = 21.087", "Eigenvectors", "Translational",  @
"(NON-LAYERED)", "", "Global", "", "", "" )
res_data_title( 0, "Nodal", "Vector", 1, [ @
"$POFF@@@$PT: @@@$LCN, @@@$SCN, @@@$PRN, @@@$SRN, @@@$DRVL"] )
res_display_deformation_create( "", "Elements", 0, [""], 9, [ @
"DeformedStyle:White,Solid,1,Wireframe", "DeformedScale:Model=0.1",  @
"UndeformedStyle:ON,Blue,Solid,1,Wireframe", "TitleDisplay:ON",  @
"MinMaxDisplay:ON", "ScaleFactor:1.", "LabelStyle:Exponential, 12, White, 3",  @
"DeformDisplay:Resultant", "DeformComps:OFF,OFF,OFF"] )
res_display_deformation_post( "", 0 )
ga_view_aa_set( -69.761086, 9.447074, 68.612305 )
ga_view_aa_set( -77.836052, 12.348561, 51.925243 )
ga_view_center_set( 3.483592, 8.470230 )
res_data_load_dbresult( 0, "Nodal", "Scalar", "DEFAULT.SC1",  @
"A1:Mode 12 : Freq. = 25.071", "Eigenvectors", "Translational",  @
"(NON-LAYERED)", "MAG", "Default", "DeriveAverage", "All", "ShapeFunc" )
res_data_title( 0, "Nodal", "Scalar", 1, [ @
"$POFF@@@$PT: @@@$LCN, @@@$SCN, @@@$PRN, @@@$SRN, @@@$DRVL, @@@$LN "] )
res_display_fringe_create( "", "FreeFaces", 0, [""], 12, [ @
"Range:Fri_default_Fringe", "RangeOverwrite:ON", "FringeStyle:Discrete/Smooth" @
, "Shade:None", "ElemEdge:FreeEdge,Blue,Solid,1", "Shrink:0",  @
"TitleDisplay:ON", "MinMaxDisplay:ON", "ValueDisplay:OFF", "Filter:None",  @
"ScaleFactor:1.", "LabelStyle:Exponential, 12, White, 3"], TRUE )
res_display_fringe_post( "", 0, "Nodal", TRUE, TRUE )
res_data_load_dbresult( 0, "Nodal", "Vector", "DEFAULT.SC1",  @
"A1:Mode 12 : Freq. = 25.071", "Eigenvectors", "Translational",  @
"(NON-LAYERED)", "", "Global", "", "", "" )
res_data_title( 0, "Nodal", "Vector", 1, [ @
"$POFF@@@$PT: @@@$LCN, @@@$SCN, @@@$PRN, @@@$SRN, @@@$DRVL"] )
res_display_deformation_create( "", "Elements", 0, [""], 9, [ @
"DeformedStyle:White,Solid,1,Wireframe", "DeformedScale:Model=0.1",  @
"UndeformedStyle:ON,Blue,Solid,1,Wireframe", "TitleDisplay:ON",  @
"MinMaxDisplay:ON", "ScaleFactor:1.", "LabelStyle:Exponential, 12, White, 3",  @
"DeformDisplay:Resultant", "DeformComps:OFF,OFF,OFF"] )
res_display_deformation_post( "", 0 )
ga_view_aa_set( -66.836220, 1.642524, 80.086594 )
res_data_load_dbresult( 0, "Nodal", "Scalar", "DEFAULT.SC1",  @
"A1:Mode 13 : Freq. = 26.949", "Eigenvectors", "Translational",  @
"(NON-LAYERED)", "MAG", "Default", "DeriveAverage", "All", "ShapeFunc" )
res_data_title( 0, "Nodal", "Scalar", 1, [ @
"$POFF@@@$PT: @@@$LCN, @@@$SCN, @@@$PRN, @@@$SRN, @@@$DRVL, @@@$LN "] )
res_display_fringe_create( "", "FreeFaces", 0, [""], 12, [ @
"Range:Fri_default_Fringe", "RangeOverwrite:ON", "FringeStyle:Discrete/Smooth" @
, "Shade:None", "ElemEdge:FreeEdge,Blue,Solid,1", "Shrink:0",  @
"TitleDisplay:ON", "MinMaxDisplay:ON", "ValueDisplay:OFF", "Filter:None",  @
"ScaleFactor:1.", "LabelStyle:Exponential, 12, White, 3"], TRUE )
res_display_fringe_post( "", 0, "Nodal", TRUE, TRUE )
res_data_load_dbresult( 0, "Nodal", "Vector", "DEFAULT.SC1",  @
"A1:Mode 13 : Freq. = 26.949", "Eigenvectors", "Translational",  @
"(NON-LAYERED)", "", "Global", "", "", "" )
res_data_title( 0, "Nodal", "Vector", 1, [ @
"$POFF@@@$PT: @@@$LCN, @@@$SCN, @@@$PRN, @@@$SRN, @@@$DRVL"] )
res_display_deformation_create( "", "Elements", 0, [""], 9, [ @
"DeformedStyle:White,Solid,1,Wireframe", "DeformedScale:Model=0.1",  @
"UndeformedStyle:ON,Blue,Solid,1,Wireframe", "TitleDisplay:ON",  @
"MinMaxDisplay:ON", "ScaleFactor:1.", "LabelStyle:Exponential, 12, White, 3",  @
"DeformDisplay:Resultant", "DeformComps:OFF,OFF,OFF"] )
res_display_deformation_post( "", 0 )
ga_view_aa_set( -82.315628, 15.028116, 68.509521 )
display_cleanup(  )
ga_view_aa_set( -37.605110, 5.241553, 54.753098 )
ga_view_aa_set( 0., 0., 0. )
ga_view_center_set( 2.267875, -6.726231 )
ga_view_zoom_set( 26.428619 )
ga_view_center_set( -0.903560, -13.069099 )
ga_view_aa_set( 0., 0., 0. )
ga_view_center_set( -7.775001, -19.147682 )
ga_view_center_set( -6.453571, -38.969139 )
ga_view_center_set( -1.167846, -59.319172 )
ga_view_zoom_set( 39.642937 )
ga_view_zoom_set( 8.173801 )
ga_view_center_set( 0.712128, -50.491467 )
ga_view_zoom_set( 2.369218 )
ga_view_center_set( 0.783205, -51.770847 )
ga_view_aa_set( -7.602027, -2.477317, -3.652489 )
ga_view_aa_set( 0., 0., 0. )
ga_view_zoom_set( 10.779943 )
ga_view_zoom_set( 21.559887 )
$# Question from application Results
$#     Detach from Direct Results Access file: 
$# "C:\Users\weizhao\Documents\PAAW\mAEWing2\updated_FEM\mAEWing2_FEM_updates_
$# GridZ\Results - Nov27\Results - 
$# II\SOL200_mAEWing2_Fullmodel\sol103_maewing2_fullmodel_gvt_setup_femv2p0.xd
$# b". This operation cannot be undone. Do you want to continue?
$? YESFORALL 4012012 
$# Detach external results file:  
$# C:\Users\weizhao\Documents\PAAW\mAEWing2\updated_
$# FEM\mAEWing2_FEM_updates_GridZ\Results - Nov27\Results - 
$# II\SOL200_mAEWing2_Full
$# model\sol103_maewing2_fullmodel_gvt_setup_femv2p0.xdb
res_dra_detach_file( 1, 130, 25 )
